Joueur Gnognak le Barbare jouÃ© par Florian
Niveau : 5 (XP totale : 155)

CapacitÃ©s :
   VIS : 1
   DEF : 4
   ATK : 5
   ALC : 1
   CHA : 3
   INT : 2

Inventaire :